2025-04-25 20:23:48,568 [INFO] Starting training on World 1 Level 1 for 20000 timesteps.
2025-04-25 20:23:48,569 [INFO] Creating environment: SuperMarioBros-1-1-v0
2025-04-25 20:23:49,175 [INFO] Using cpu device
2025-04-25 20:23:49,177 [INFO] Wrapping the env in a VecTransposeImage.
2025-04-25 20:24:27,057 [INFO] -----------------------------
| time/              |      |
|    fps             | 57   |
|    iterations      | 1    |
|    time_elapsed    | 35   |
|    total_timesteps | 2048 |
-----------------------------
2025-04-25 20:25:15,294 [INFO] -----------------------------------------
| time/                   |             |
|    fps                  | 48          |
|    iterations           | 2           |
|    time_elapsed         | 84          |
|    total_timesteps      | 4096        |
| train/                  |             |
|    approx_kl            | 0.011957468 |
|    clip_fraction        | 0.415       |
|    clip_range           | 0.2         |
|    entropy_loss         | -1.9        |
|    explained_variance   | -9.1e-05    |
|    learning_rate        | 0.0003      |
|    loss                 | 404         |
|    n_updates            | 10          |
|    policy_gradient_loss | 0.0241      |
|    value_loss           | 1.58e+03    |
-----------------------------------------
2025-04-25 20:26:02,929 [INFO] -----------------------------------------
| time/                   |             |
|    fps                  | 46          |
|    iterations           | 3           |
|    time_elapsed         | 131         |
|    total_timesteps      | 6144        |
| train/                  |             |
|    approx_kl            | 0.029331245 |
|    clip_fraction        | 0.33        |
|    clip_range           | 0.2         |
|    entropy_loss         | -1.89       |
|    explained_variance   | 0.571       |
|    learning_rate        | 0.0003      |
|    loss                 | 569         |
|    n_updates            | 20          |
|    policy_gradient_loss | 0.0244      |
|    value_loss           | 1.06e+03    |
-----------------------------------------
2025-04-25 20:26:51,173 [INFO] -----------------------------------------
| time/                   |             |
|    fps                  | 45          |
|    iterations           | 4           |
|    time_elapsed         | 179         |
|    total_timesteps      | 8192        |
| train/                  |             |
|    approx_kl            | 0.061857283 |
|    clip_fraction        | 0.453       |
|    clip_range           | 0.2         |
|    entropy_loss         | -1.81       |
|    explained_variance   | 0.592       |
|    learning_rate        | 0.0003      |
|    loss                 | 599         |
|    n_updates            | 30          |
|    policy_gradient_loss | 0.0203      |
|    value_loss           | 1.54e+03    |
-----------------------------------------
2025-04-25 20:27:39,260 [INFO] -----------------------------------------
| time/                   |             |
|    fps                  | 44          |
|    iterations           | 5           |
|    time_elapsed         | 227         |
|    total_timesteps      | 10240       |
| train/                  |             |
|    approx_kl            | 0.101294175 |
|    clip_fraction        | 0.5         |
|    clip_range           | 0.2         |
|    entropy_loss         | -1.66       |
|    explained_variance   | 0.764       |
|    learning_rate        | 0.0003      |
|    loss                 | 256         |
|    n_updates            | 40          |
|    policy_gradient_loss | 0.0369      |
|    value_loss           | 1.13e+03    |
-----------------------------------------
2025-04-25 20:28:27,728 [INFO] ---------------------------------------
| time/                   |           |
|    fps                  | 44        |
|    iterations           | 6         |
|    time_elapsed         | 276       |
|    total_timesteps      | 12288     |
| train/                  |           |
|    approx_kl            | 0.1292448 |
|    clip_fraction        | 0.581     |
|    clip_range           | 0.2       |
|    entropy_loss         | -1.59     |
|    explained_variance   | 0.56      |
|    learning_rate        | 0.0003    |
|    loss                 | 854       |
|    n_updates            | 50        |
|    policy_gradient_loss | 0.0482    |
|    value_loss           | 1.81e+03  |
---------------------------------------
2025-04-25 20:29:16,573 [INFO] ----------------------------------------
| time/                   |            |
|    fps                  | 44         |
|    iterations           | 7          |
|    time_elapsed         | 325        |
|    total_timesteps      | 14336      |
| train/                  |            |
|    approx_kl            | 0.14864329 |
|    clip_fraction        | 0.493      |
|    clip_range           | 0.2        |
|    entropy_loss         | -1.51      |
|    explained_variance   | 0.62       |
|    learning_rate        | 0.0003     |
|    loss                 | 508        |
|    n_updates            | 60         |
|    policy_gradient_loss | 0.0358     |
|    value_loss           | 1.49e+03   |
----------------------------------------
2025-04-25 20:30:05,047 [INFO] -----------------------------------------
| time/                   |             |
|    fps                  | 43          |
|    iterations           | 8           |
|    time_elapsed         | 373         |
|    total_timesteps      | 16384       |
| train/                  |             |
|    approx_kl            | 0.049481995 |
|    clip_fraction        | 0.477       |
|    clip_range           | 0.2         |
|    entropy_loss         | -1.39       |
|    explained_variance   | 0.587       |
|    learning_rate        | 0.0003      |
|    loss                 | 1.41e+03    |
|    n_updates            | 70          |
|    policy_gradient_loss | 0.0281      |
|    value_loss           | 2.53e+03    |
-----------------------------------------
2025-04-25 20:30:52,461 [INFO] -----------------------------------------
| time/                   |             |
|    fps                  | 43          |
|    iterations           | 9           |
|    time_elapsed         | 421         |
|    total_timesteps      | 18432       |
| train/                  |             |
|    approx_kl            | 0.052215166 |
|    clip_fraction        | 0.486       |
|    clip_range           | 0.2         |
|    entropy_loss         | -1.32       |
|    explained_variance   | 0.543       |
|    learning_rate        | 0.0003      |
|    loss                 | 712         |
|    n_updates            | 80          |
|    policy_gradient_loss | 0.0344      |
|    value_loss           | 1.97e+03    |
-----------------------------------------
2025-04-25 20:31:40,747 [INFO] ----------------------------------------
| time/                   |            |
|    fps                  | 43         |
|    iterations           | 10         |
|    time_elapsed         | 469        |
|    total_timesteps      | 20480      |
| train/                  |            |
|    approx_kl            | 0.07579322 |
|    clip_fraction        | 0.429      |
|    clip_range           | 0.2        |
|    entropy_loss         | -1.31      |
|    explained_variance   | 0.567      |
|    learning_rate        | 0.0003     |
|    loss                 | 778        |
|    n_updates            | 90         |
|    policy_gradient_loss | 0.0321     |
|    value_loss           | 2.36e+03   |
----------------------------------------
2025-04-25 20:31:54,052 [INFO] Training complete. Model saved to mario_1_1_ppo.zip
2025-04-25 20:44:24,832 [INFO] Loading model from mario_1_1_ppo.zip
2025-04-25 20:44:24,833 [INFO] Creating environment: SuperMarioBros-1-1-v0
2025-04-25 20:44:27,556 [INFO] Video recording enabled.
2025-04-25 20:44:31,619 [INFO] Level 1 completed in 83 steps.
2025-04-25 20:44:31,624 [INFO] Advancing to Level 2
2025-04-25 20:44:31,627 [INFO] Creating environment: SuperMarioBros-1-2-v0
2025-04-25 20:44:39,331 [INFO] Level 2 completed in 394 steps.
2025-04-25 20:44:39,332 [INFO] Video saved to ./videos/mario_1_1_ppo.mp4
2025-04-25 20:45:15,006 [INFO] Loading model from mario_1_1_ppo.zip
2025-04-25 20:45:15,007 [INFO] Creating environment: SuperMarioBros-1-1-v0
2025-04-25 20:45:17,827 [INFO] Video recording enabled.
2025-04-25 20:45:25,670 [INFO] Level 1 completed in 254 steps.
2025-04-25 20:45:25,671 [INFO] Advancing to Level 2
2025-04-25 20:45:25,672 [INFO] Creating environment: SuperMarioBros-1-2-v0
2025-04-25 20:45:29,303 [INFO] Level 2 completed in 156 steps.
2025-04-25 20:45:29,305 [INFO] Video saved to ./videos/mario_1_1_ppo.mp4
2025-04-25 21:00:05,344 [INFO] Loading model from mario_1_1_ppo.zip
2025-04-25 21:00:05,428 [INFO] Creating environment: SuperMarioBros-1-1-v0
2025-04-25 21:00:10,387 [INFO] Video recording enabled.
2025-04-25 21:00:14,741 [INFO] Level 1 completed in 31 steps.
2025-04-25 21:00:14,743 [INFO] Advancing to Level 2
2025-04-25 21:00:14,744 [INFO] Creating environment: SuperMarioBros-1-2-v0
2025-04-25 21:00:22,187 [INFO] Level 2 completed in 368 steps.
2025-04-25 21:00:22,229 [INFO] Advancing to Level 3
2025-04-25 21:00:22,236 [INFO] Creating environment: SuperMarioBros-1-3-v0
2025-04-25 21:00:23,751 [INFO] Level 3 completed in 42 steps.
2025-04-25 21:00:23,755 [INFO] Advancing to Level 4
2025-04-25 21:00:23,759 [INFO] Creating environment: SuperMarioBros-1-4-v0
2025-04-25 21:00:24,992 [INFO] Level 4 completed in 37 steps.
2025-04-25 21:00:24,994 [INFO] Advancing to Level 5
2025-04-25 21:00:24,995 [INFO] Creating environment: SuperMarioBros-1-5-v0
2025-04-25 21:00:25,092 [ERROR] Traceback (most recent call last):
2025-04-25 21:00:25,093 [ERROR] File "/usr/local/lib/python3.10/dist-packages/gym/envs/registration.py", line 158, in spec
2025-04-25 21:00:25,094 [ERROR] return self.env_specs[id]
2025-04-25 21:00:25,095 [ERROR] KeyError
2025-04-25 21:00:25,096 [ERROR] :
2025-04-25 21:00:25,098 [ERROR] 'SuperMarioBros-1-5-v0'
2025-04-25 21:00:25,099 [ERROR] During handling of the above exception, another exception occurred:
2025-04-25 21:00:25,100 [ERROR] Traceback (most recent call last):
2025-04-25 21:00:25,101 [ERROR] File "/mnt/c/Users/ithel/Documents/GitHub/TaskTide/.secret/ai-games/mario/mario_ai_trainer.py", line 191, in <module>
2025-04-25 21:00:25,116 [ERROR] main()
2025-04-25 21:00:25,117 [ERROR] File "/mnt/c/Users/ithel/Documents/GitHub/TaskTide/.secret/ai-games/mario/mario_ai_trainer.py", line 184, in main
2025-04-25 21:00:25,132 [ERROR] play(args.world, args.level, args.model_path, record_video=args.video, stop_after_level=args.stop_after_level)
2025-04-25 21:00:25,133 [ERROR] File "/mnt/c/Users/ithel/Documents/GitHub/TaskTide/.secret/ai-games/mario/mario_ai_trainer.py", line 158, in play
2025-04-25 21:00:25,146 [ERROR] env = create_env(world, level)
2025-04-25 21:00:25,148 [ERROR] File "/mnt/c/Users/ithel/Documents/GitHub/TaskTide/.secret/ai-games/mario/mario_ai_trainer.py", line 99, in create_env
2025-04-25 21:00:25,163 [ERROR] env = gym_super_mario_bros.make(env_id)
2025-04-25 21:00:25,164 [ERROR] File "/usr/local/lib/python3.10/dist-packages/gym/envs/registration.py", line 235, in make
2025-04-25 21:00:25,166 [ERROR] return registry.make(id, **kwargs)
2025-04-25 21:00:25,167 [ERROR] File "/usr/local/lib/python3.10/dist-packages/gym/envs/registration.py", line 128, in make
2025-04-25 21:00:25,168 [ERROR] spec = self.spec(path)
2025-04-25 21:00:25,170 [ERROR] File "/usr/local/lib/python3.10/dist-packages/gym/envs/registration.py", line 203, in spec
2025-04-25 21:00:25,172 [ERROR] raise error.UnregisteredEnv("No registered env with id: {}".format(id))
2025-04-25 21:00:25,173 [ERROR] gym.error
2025-04-25 21:00:25,174 [ERROR] .
2025-04-25 21:00:25,176 [ERROR] UnregisteredEnv
2025-04-25 21:00:25,177 [ERROR] :
2025-04-25 21:00:25,184 [ERROR] No registered env with id: SuperMarioBros-1-5-v0
2025-04-25 21:01:26,743 [INFO] Loading model from mario_1_1_ppo.zip
2025-04-25 21:01:26,745 [INFO] Creating environment: SuperMarioBros-1-1-v0
2025-04-25 21:01:29,557 [INFO] Video recording enabled.
2025-04-25 21:01:34,447 [INFO] Level 1 completed in 101 steps.
2025-04-25 21:01:34,449 [INFO] Advancing to Level 2
2025-04-25 21:01:34,450 [INFO] Creating environment: SuperMarioBros-1-2-v0
2025-04-25 21:01:37,136 [INFO] Level 2 completed in 111 steps.
2025-04-25 21:01:37,138 [INFO] Advancing to Level 3
2025-04-25 21:01:37,139 [INFO] Creating environment: SuperMarioBros-1-3-v0
2025-04-25 21:01:38,397 [INFO] Level 3 completed in 31 steps.
2025-04-25 21:01:38,406 [INFO] Advancing to Level 4
2025-04-25 21:01:38,407 [INFO] Creating environment: SuperMarioBros-1-4-v0
2025-04-25 21:01:40,137 [INFO] Level 4 completed in 66 steps.
2025-04-25 21:01:40,139 [INFO] Advancing to Level 5
2025-04-25 21:01:40,140 [INFO] Creating environment: SuperMarioBros-1-5-v0
2025-04-25 21:01:40,192 [ERROR] Traceback (most recent call last):
2025-04-25 21:01:40,193 [ERROR] File "/usr/local/lib/python3.10/dist-packages/gym/envs/registration.py", line 158, in spec
2025-04-25 21:01:40,194 [ERROR] return self.env_specs[id]
2025-04-25 21:01:40,195 [ERROR] KeyError
2025-04-25 21:01:40,196 [ERROR] :
2025-04-25 21:01:40,197 [ERROR] 'SuperMarioBros-1-5-v0'
2025-04-25 21:01:40,198 [ERROR] During handling of the above exception, another exception occurred:
2025-04-25 21:01:40,199 [ERROR] Traceback (most recent call last):
2025-04-25 21:01:40,199 [ERROR] File "/mnt/c/Users/ithel/Documents/GitHub/TaskTide/.secret/ai-games/mario/mario_ai_trainer.py", line 191, in <module>
2025-04-25 21:01:40,210 [ERROR] main()
2025-04-25 21:01:40,211 [ERROR] File "/mnt/c/Users/ithel/Documents/GitHub/TaskTide/.secret/ai-games/mario/mario_ai_trainer.py", line 184, in main
2025-04-25 21:01:40,219 [ERROR] play(args.world, args.level, args.model_path, record_video=args.video, stop_after_level=args.stop_after_level)
2025-04-25 21:01:40,220 [ERROR] File "/mnt/c/Users/ithel/Documents/GitHub/TaskTide/.secret/ai-games/mario/mario_ai_trainer.py", line 158, in play
2025-04-25 21:01:40,229 [ERROR] env = create_env(world, level)
2025-04-25 21:01:40,230 [ERROR] File "/mnt/c/Users/ithel/Documents/GitHub/TaskTide/.secret/ai-games/mario/mario_ai_trainer.py", line 99, in create_env
2025-04-25 21:01:40,275 [ERROR] env = gym_super_mario_bros.make(env_id)
2025-04-25 21:01:40,278 [ERROR] File "/usr/local/lib/python3.10/dist-packages/gym/envs/registration.py", line 235, in make
2025-04-25 21:01:40,281 [ERROR] return registry.make(id, **kwargs)
2025-04-25 21:01:40,282 [ERROR] File "/usr/local/lib/python3.10/dist-packages/gym/envs/registration.py", line 128, in make
2025-04-25 21:01:40,283 [ERROR] spec = self.spec(path)
2025-04-25 21:01:40,284 [ERROR] File "/usr/local/lib/python3.10/dist-packages/gym/envs/registration.py", line 203, in spec
2025-04-25 21:01:40,285 [ERROR] raise error.UnregisteredEnv("No registered env with id: {}".format(id))
2025-04-25 21:01:40,286 [ERROR] gym.error
2025-04-25 21:01:40,287 [ERROR] .
2025-04-25 21:01:40,289 [ERROR] UnregisteredEnv
2025-04-25 21:01:40,289 [ERROR] :
2025-04-25 21:01:40,290 [ERROR] No registered env with id: SuperMarioBros-1-5-v0
2025-04-25 21:01:49,393 [INFO] Loading model from mario_1_1_ppo.zip
2025-04-25 21:01:49,394 [INFO] Creating environment: SuperMarioBros-1-1-v0
2025-04-25 21:01:51,926 [INFO] Video recording enabled.
2025-04-25 21:01:55,357 [INFO] Level 1 completed in 31 steps.
2025-04-25 21:01:55,360 [INFO] Advancing to Level 2
2025-04-25 21:01:55,368 [INFO] Creating environment: SuperMarioBros-1-2-v0
2025-04-25 21:01:58,343 [INFO] Level 2 completed in 122 steps.
2025-04-25 21:01:58,345 [INFO] Advancing to Level 3
2025-04-25 21:01:58,346 [INFO] Creating environment: SuperMarioBros-1-3-v0
2025-04-25 21:01:59,646 [INFO] Level 3 completed in 34 steps.
2025-04-25 21:01:59,647 [INFO] Advancing to Level 4
2025-04-25 21:01:59,648 [INFO] Creating environment: SuperMarioBros-1-4-v0
2025-04-25 21:02:01,212 [INFO] Level 4 completed in 50 steps.
2025-04-25 21:02:01,214 [INFO] Advancing to Level 5
2025-04-25 21:02:01,215 [INFO] Creating environment: SuperMarioBros-1-5-v0
2025-04-25 21:02:01,262 [ERROR] Traceback (most recent call last):
2025-04-25 21:02:01,263 [ERROR] File "/usr/local/lib/python3.10/dist-packages/gym/envs/registration.py", line 158, in spec
2025-04-25 21:02:01,264 [ERROR] return self.env_specs[id]
2025-04-25 21:02:01,264 [ERROR] KeyError
2025-04-25 21:02:01,265 [ERROR] :
2025-04-25 21:02:01,296 [ERROR] 'SuperMarioBros-1-5-v0'
2025-04-25 21:02:01,297 [ERROR] During handling of the above exception, another exception occurred:
2025-04-25 21:02:01,298 [ERROR] Traceback (most recent call last):
2025-04-25 21:02:01,298 [ERROR] File "/mnt/c/Users/ithel/Documents/GitHub/TaskTide/.secret/ai-games/mario/mario_ai_trainer.py", line 191, in <module>
2025-04-25 21:02:01,310 [ERROR] main()
2025-04-25 21:02:01,311 [ERROR] File "/mnt/c/Users/ithel/Documents/GitHub/TaskTide/.secret/ai-games/mario/mario_ai_trainer.py", line 184, in main
2025-04-25 21:02:01,323 [ERROR] play(args.world, args.level, args.model_path, record_video=args.video, stop_after_level=args.stop_after_level)
2025-04-25 21:02:01,324 [ERROR] File "/mnt/c/Users/ithel/Documents/GitHub/TaskTide/.secret/ai-games/mario/mario_ai_trainer.py", line 158, in play
2025-04-25 21:02:01,337 [ERROR] env = create_env(world, level)
2025-04-25 21:02:01,338 [ERROR] File "/mnt/c/Users/ithel/Documents/GitHub/TaskTide/.secret/ai-games/mario/mario_ai_trainer.py", line 99, in create_env
2025-04-25 21:02:01,353 [ERROR] env = gym_super_mario_bros.make(env_id)
2025-04-25 21:02:01,354 [ERROR] File "/usr/local/lib/python3.10/dist-packages/gym/envs/registration.py", line 235, in make
2025-04-25 21:02:01,356 [ERROR] return registry.make(id, **kwargs)
2025-04-25 21:02:01,358 [ERROR] File "/usr/local/lib/python3.10/dist-packages/gym/envs/registration.py", line 128, in make
2025-04-25 21:02:01,359 [ERROR] spec = self.spec(path)
2025-04-25 21:02:01,361 [ERROR] File "/usr/local/lib/python3.10/dist-packages/gym/envs/registration.py", line 203, in spec
2025-04-25 21:02:01,362 [ERROR] raise error.UnregisteredEnv("No registered env with id: {}".format(id))
2025-04-25 21:02:01,363 [ERROR] gym.error
2025-04-25 21:02:01,365 [ERROR] .
2025-04-25 21:02:01,366 [ERROR] UnregisteredEnv
2025-04-25 21:02:01,368 [ERROR] :
2025-04-25 21:02:01,369 [ERROR] No registered env with id: SuperMarioBros-1-5-v0
2025-04-25 21:02:10,135 [INFO] Loading model from mario_1_1_ppo.zip
2025-04-25 21:02:10,135 [INFO] Creating environment: SuperMarioBros-1-1-v0
2025-04-25 21:02:12,847 [INFO] Video recording enabled.
2025-04-25 21:02:17,398 [INFO] Level 1 completed in 100 steps.
2025-04-25 21:02:17,401 [INFO] Advancing to Level 2
2025-04-25 21:02:17,402 [INFO] Creating environment: SuperMarioBros-1-2-v0
2025-04-25 21:02:19,997 [INFO] Level 2 completed in 110 steps.
2025-04-25 21:02:19,999 [INFO] Advancing to Level 3
2025-04-25 21:02:20,000 [INFO] Creating environment: SuperMarioBros-1-3-v0
2025-04-25 21:02:21,742 [INFO] Level 3 completed in 59 steps.
2025-04-25 21:02:21,743 [INFO] Advancing to Level 4
2025-04-25 21:02:21,744 [INFO] Creating environment: SuperMarioBros-1-4-v0
2025-04-25 21:02:23,061 [INFO] Level 4 completed in 36 steps.
2025-04-25 21:02:23,064 [INFO] Video saved to ./videos/mario_1_1_ppo.mp4
2025-04-25 21:02:52,151 [INFO] Loading model from mario_1_1_ppo.zip
2025-04-25 21:02:52,152 [INFO] Creating environment: SuperMarioBros-1-1-v0
2025-04-25 21:02:54,789 [INFO] Video recording enabled.
2025-04-25 21:03:01,416 [INFO] Level 1 completed in 213 steps.
2025-04-25 21:03:01,533 [INFO] Video saved to ./videos/mario_1_1_ppo.mp4
2025-04-25 21:03:01,534 [ERROR] Exception ignored in:
2025-04-25 21:03:01,535 [ERROR] <function VecVideoRecorder.__del__ at 0x7f4190b9bbe0>
2025-04-25 21:03:01,537 [ERROR] Traceback (most recent call last):
2025-04-25 21:03:01,538 [ERROR] File "/usr/local/lib/python3.10/dist-packages/stable_baselines3/common/vec_env/vec_video_recorder.py", line 113, in __del__
2025-04-25 21:03:01,541 [ERROR] self.close()
2025-04-25 21:03:01,543 [ERROR] File "/usr/local/lib/python3.10/dist-packages/stable_baselines3/common/vec_env/vec_video_recorder.py", line 109, in close
2025-04-25 21:03:01,544 [ERROR] VecEnvWrapper.close(self)
2025-04-25 21:03:01,546 [ERROR] File "/usr/local/lib/python3.10/dist-packages/stable_baselines3/common/vec_env/base_vec_env.py", line 278, in close
2025-04-25 21:03:01,548 [ERROR] return self.venv.close()
2025-04-25 21:03:01,549 [ERROR] File "/usr/local/lib/python3.10/dist-packages/stable_baselines3/common/vec_env/vec_frame_stack.py", line 64, in close
2025-04-25 21:03:01,551 [ERROR] self.venv.close()
2025-04-25 21:03:01,553 [ERROR] File "/usr/local/lib/python3.10/dist-packages/stable_baselines3/common/vec_env/dummy_vec_env.py", line 69, in close
2025-04-25 21:03:01,556 [ERROR] env.close()
2025-04-25 21:03:01,557 [ERROR] File "/usr/local/lib/python3.10/dist-packages/gym/core.py", line 298, in close
2025-04-25 21:03:01,559 [ERROR] return self.env.close()
2025-04-25 21:03:01,560 [ERROR] File "/usr/local/lib/python3.10/dist-packages/gym/core.py", line 298, in close
2025-04-25 21:03:01,562 [ERROR] return self.env.close()
2025-04-25 21:03:01,563 [ERROR] File "/usr/local/lib/python3.10/dist-packages/gym/core.py", line 298, in close
2025-04-25 21:03:01,564 [ERROR] return self.env.close()
2025-04-25 21:03:01,565 [ERROR] [Previous line repeated 1 more time]
2025-04-25 21:03:01,567 [ERROR] File "/usr/local/lib/python3.10/dist-packages/nes_py/nes_env.py", line 346, in close
2025-04-25 21:03:01,569 [ERROR] raise ValueError('env has already been closed.')
2025-04-25 21:03:01,570 [ERROR] ValueError
2025-04-25 21:03:01,571 [ERROR] :
2025-04-25 21:03:01,572 [ERROR] env has already been closed.
2025-04-25 21:08:37,256 [INFO] Loading model from mario_1_1_ppo.zip
2025-04-25 21:08:39,910 [INFO] Creating environment: SuperMarioBros-1-1-v0
2025-04-25 21:08:40,523 [INFO] Video recording enabled.
2025-04-25 21:08:44,186 [INFO] Mario died on attempt 1 after 182 steps.
2025-04-25 21:08:44,187 [INFO] Creating environment: SuperMarioBros-1-1-v0
2025-04-25 21:08:46,791 [INFO] Mario died on attempt 2 after 110 steps.
2025-04-25 21:08:46,804 [INFO] Creating environment: SuperMarioBros-1-1-v0
2025-04-25 21:08:49,842 [INFO] Mario died on attempt 3 after 124 steps.
2025-04-25 21:08:49,843 [INFO] Creating environment: SuperMarioBros-1-1-v0
2025-04-25 21:08:52,590 [INFO] Mario died on attempt 4 after 106 steps.
2025-04-25 21:08:52,594 [INFO] Creating environment: SuperMarioBros-1-1-v0
2025-04-25 21:08:57,449 [INFO] Mario died on attempt 5 after 208 steps.
2025-04-25 21:08:57,450 [INFO] Creating environment: SuperMarioBros-1-1-v0
2025-04-25 21:09:01,455 [INFO] Mario died on attempt 6 after 160 steps.
2025-04-25 21:09:01,456 [INFO] Creating environment: SuperMarioBros-1-1-v0
2025-04-25 21:09:04,137 [INFO] Mario died on attempt 7 after 107 steps.
2025-04-25 21:09:04,138 [INFO] Creating environment: SuperMarioBros-1-1-v0
2025-04-25 21:09:05,674 [INFO] Mario died on attempt 8 after 44 steps.
2025-04-25 21:09:05,675 [INFO] Creating environment: SuperMarioBros-1-1-v0
2025-04-25 21:09:09,169 [INFO] Mario died on attempt 9 after 138 steps.
2025-04-25 21:09:09,169 [INFO] Creating environment: SuperMarioBros-1-1-v0
2025-04-25 21:09:12,044 [INFO] Mario died on attempt 10 after 105 steps.
2025-04-25 21:09:12,045 [WARNING] ⚠️ Max retries (10) reached. Level 1 not completed.
2025-04-25 21:09:12,052 [INFO] Partial video saved to ./videos/mario_1_1_ppo.mp4
2025-04-25 21:11:47,640 [INFO] Loading model from mario_1_1_ppo.zip
2025-04-25 21:11:50,114 [INFO] Creating environment: SuperMarioBros-1-1-v0
2025-04-25 21:11:50,676 [INFO] Video recording enabled.
2025-04-25 21:11:51,565 [INFO] Mario died on attempt 1 after 39 steps.
2025-04-25 21:11:51,566 [INFO] Creating environment: SuperMarioBros-1-1-v0
2025-04-25 21:11:55,779 [INFO] Mario died on attempt 2 after 191 steps.
2025-04-25 21:11:55,780 [INFO] Creating environment: SuperMarioBros-1-1-v0
2025-04-25 21:11:57,026 [INFO] Mario died on attempt 3 after 32 steps.
2025-04-25 21:11:57,027 [INFO] Creating environment: SuperMarioBros-1-1-v0
2025-04-25 21:12:00,802 [INFO] Mario died on attempt 4 after 168 steps.
2025-04-25 21:12:00,803 [INFO] Creating environment: SuperMarioBros-1-1-v0
2025-04-25 21:12:04,514 [INFO] Mario died on attempt 5 after 165 steps.
2025-04-25 21:12:04,515 [INFO] Creating environment: SuperMarioBros-1-1-v0
2025-04-25 21:12:06,949 [INFO] Mario died on attempt 6 after 101 steps.
2025-04-25 21:12:06,950 [INFO] Creating environment: SuperMarioBros-1-1-v0
2025-04-25 21:12:09,535 [INFO] Mario died on attempt 7 after 112 steps.
2025-04-25 21:12:09,536 [INFO] Creating environment: SuperMarioBros-1-1-v0
2025-04-25 21:12:11,940 [INFO] Mario died on attempt 8 after 98 steps.
2025-04-25 21:12:11,941 [INFO] Creating environment: SuperMarioBros-1-1-v0
2025-04-25 21:12:15,210 [INFO] Mario died on attempt 9 after 141 steps.
2025-04-25 21:12:15,216 [INFO] Creating environment: SuperMarioBros-1-1-v0
2025-04-25 21:12:16,507 [INFO] Mario died on attempt 10 after 32 steps.
2025-04-25 21:12:16,508 [WARNING] Max retries (10) reached. Level 1 not completed.
2025-04-25 21:12:16,509 [INFO] Partial video saved to ./videos/mario_1_1_ppo.mp4
2025-04-25 21:15:50,765 [ERROR] Traceback (most recent call last):
2025-04-25 21:15:50,766 [ERROR] File "/mnt/c/Users/ithel/Documents/GitHub/TaskTide/.secret/ai-games/mario/mario_ai_trainer.py", line 206, in <module>
2025-04-25 21:15:50,783 [ERROR] main()
2025-04-25 21:15:50,785 [ERROR] File "/mnt/c/Users/ithel/Documents/GitHub/TaskTide/.secret/ai-games/mario/mario_ai_trainer.py", line 199, in main
2025-04-25 21:15:50,799 [ERROR] play(args.world, args.level, args.model_path, record_video=args.video, stop_after_level=args.stop_after_level, max_retries=args.max_retries)
2025-04-25 21:15:50,800 [ERROR] TypeError
2025-04-25 21:15:50,801 [ERROR] :
2025-04-25 21:15:50,802 [ERROR] play() got an unexpected keyword argument 'max_retries'
2025-04-25 21:17:08,039 [INFO] Loading model from mario_1_1_ppo.zip
2025-04-25 21:17:10,436 [INFO] Creating environment: SuperMarioBros-1-1-v0
2025-04-25 21:17:10,976 [INFO] Video recording enabled.
2025-04-25 21:17:12,050 [INFO] Mario died on attempt 1 after 46 steps.
2025-04-25 21:17:12,051 [INFO] Creating environment: SuperMarioBros-1-1-v0
2025-04-25 21:17:13,290 [INFO] Mario died on attempt 2 after 32 steps.
2025-04-25 21:17:13,291 [INFO] Creating environment: SuperMarioBros-1-1-v0
2025-04-25 21:17:15,199 [INFO] Mario died on attempt 3 after 66 steps.
2025-04-25 21:17:15,243 [ERROR] Traceback (most recent call last):
2025-04-25 21:17:15,244 [ERROR] File "/mnt/c/Users/ithel/Documents/GitHub/TaskTide/.secret/ai-games/mario/mario_ai_trainer.py", line 205, in <module>
2025-04-25 21:17:15,253 [ERROR] main()
2025-04-25 21:17:15,254 [ERROR] File "/mnt/c/Users/ithel/Documents/GitHub/TaskTide/.secret/ai-games/mario/mario_ai_trainer.py", line 198, in main
2025-04-25 21:17:15,264 [ERROR] play(args.world, args.level, args.model_path, record_video=args.video, stop_after_level=args.stop_after_level, max_retries=args.max_retries)
2025-04-25 21:17:15,264 [ERROR] File "/mnt/c/Users/ithel/Documents/GitHub/TaskTide/.secret/ai-games/mario/mario_ai_trainer.py", line 173, in play
2025-04-25 21:17:15,274 [ERROR] logger.warning(f"Max retries ({retry_limit}) reached. Level {level} not completed.")
2025-04-25 21:17:15,275 [ERROR] NameError
2025-04-25 21:17:15,276 [ERROR] :
2025-04-25 21:17:15,276 [ERROR] name 'retry_limit' is not defined
2025-04-25 21:17:15,277 [ERROR] . Did you mean: '
2025-04-25 21:17:15,278 [ERROR] retry_count
2025-04-25 21:17:15,278 [ERROR] '?
2025-04-25 21:17:42,635 [INFO] Loading model from mario_1_1_ppo.zip
2025-04-25 21:17:44,990 [INFO] Creating environment: SuperMarioBros-1-1-v0
2025-04-25 21:17:45,553 [INFO] Video recording enabled.
2025-04-25 21:17:47,357 [INFO] Mario died on attempt 1 after 87 steps.
2025-04-25 21:17:47,359 [INFO] Creating environment: SuperMarioBros-1-1-v0
2025-04-25 21:17:50,020 [INFO] Mario died on attempt 2 after 103 steps.
2025-04-25 21:17:50,021 [INFO] Creating environment: SuperMarioBros-1-1-v0
2025-04-25 21:17:51,182 [INFO] Mario died on attempt 3 after 30 steps.
2025-04-25 21:17:51,183 [WARNING] Max retries (3) reached. Level 1 not completed.
2025-04-25 21:17:51,189 [INFO] Partial video saved to ./videos/mario_1_1_ppo.mp4
2025-04-25 21:18:18,779 [INFO] Loading model from mario_1_1_ppo.zip
2025-04-25 21:18:21,022 [INFO] Creating environment: SuperMarioBros-1-1-v0
2025-04-25 21:18:21,545 [INFO] Video recording enabled.
2025-04-25 21:18:22,546 [INFO] Mario died on attempt 1 after 42 steps.
2025-04-25 21:18:22,547 [INFO] Creating environment: SuperMarioBros-1-1-v0
2025-04-25 21:18:23,856 [INFO] Mario died on attempt 2 after 31 steps.
2025-04-25 21:18:23,857 [INFO] Creating environment: SuperMarioBros-1-1-v0
2025-04-25 21:18:25,280 [INFO] Mario died on attempt 3 after 33 steps.
2025-04-25 21:18:25,281 [INFO] Creating environment: SuperMarioBros-1-1-v0
2025-04-25 21:18:32,724 [INFO] Mario died on attempt 4 after 356 steps.
2025-04-25 21:18:32,725 [INFO] Creating environment: SuperMarioBros-1-1-v0
2025-04-25 21:18:35,296 [INFO] Mario died on attempt 5 after 98 steps.
2025-04-25 21:18:35,297 [WARNING] Max retries (5) reached. Level 1 not completed.
2025-04-25 21:18:35,303 [INFO] Partial video saved to ./videos/mario_1_1_ppo.mp4
2025-04-25 21:20:58,503 [INFO] Loading model from mario_1_1_ppo.zip
2025-04-25 21:21:00,818 [INFO] Creating environment: SuperMarioBros-1-1-v0
2025-04-25 21:21:01,374 [INFO] Video recording enabled.
2025-04-25 21:21:01,566 [ERROR] Traceback (most recent call last):
2025-04-25 21:21:01,567 [ERROR] File "/mnt/c/Users/ithel/Documents/GitHub/TaskTide/.secret/ai-games/mario/mario_ai_trainer.py", line 205, in <module>
2025-04-25 21:21:01,583 [ERROR] main()
2025-04-25 21:21:01,592 [ERROR] File "/mnt/c/Users/ithel/Documents/GitHub/TaskTide/.secret/ai-games/mario/mario_ai_trainer.py", line 198, in main
2025-04-25 21:21:01,611 [ERROR] play(args.world, args.level, args.model_path, record_video=args.video, stop_after_level=args.stop_after_level, max_retries=args.max_retries)
2025-04-25 21:21:01,613 [ERROR] File "/mnt/c/Users/ithel/Documents/GitHub/TaskTide/.secret/ai-games/mario/mario_ai_trainer.py", line 154, in play
2025-04-25 21:21:01,632 [ERROR] obs, _, done, info = env.step(action)
2025-04-25 21:21:01,634 [ERROR] File "/usr/local/lib/python3.10/dist-packages/stable_baselines3/common/vec_env/base_vec_env.py", line 162, in step
2025-04-25 21:21:01,636 [ERROR] return self.step_wait()
2025-04-25 21:21:01,638 [ERROR] File "/usr/local/lib/python3.10/dist-packages/stable_baselines3/common/vec_env/vec_frame_stack.py", line 48, in step_wait
2025-04-25 21:21:01,640 [ERROR] observations, rewards, dones, infos = self.venv.step_wait()
2025-04-25 21:21:01,642 [ERROR] File "/usr/local/lib/python3.10/dist-packages/stable_baselines3/common/vec_env/dummy_vec_env.py", line 43, in step_wait
2025-04-25 21:21:01,645 [ERROR] obs, self.buf_rews[env_idx], self.buf_dones[env_idx], self.buf_infos[env_idx] = self.envs[env_idx].step(
2025-04-25 21:21:01,647 [ERROR] File "/usr/local/lib/python3.10/dist-packages/gym/core.py", line 323, in step
2025-04-25 21:21:01,649 [ERROR] observation, reward, done, info = self.env.step(action)
2025-04-25 21:21:01,651 [ERROR] File "/mnt/c/Users/ithel/Documents/GitHub/TaskTide/.secret/ai-games/mario/mario_ai_trainer.py", line 74, in step
2025-04-25 21:21:01,671 [ERROR] return obs, total_reward, done, info
2025-04-25 21:21:01,673 [ERROR] UnboundLocalError
2025-04-25 21:21:01,675 [ERROR] :
2025-04-25 21:21:01,676 [ERROR] local variable 'obs' referenced before assignment
2025-04-25 21:21:24,040 [INFO] Loading model from mario_1_1_ppo.zip
2025-04-25 21:21:26,198 [INFO] Creating environment: SuperMarioBros-1-1-v0
2025-04-25 21:21:26,737 [INFO] Video recording enabled.
2025-04-25 21:21:30,465 [INFO] Mario died on attempt 1 after 402 steps.
2025-04-25 21:21:30,469 [INFO] Creating environment: SuperMarioBros-1-1-v0
2025-04-25 21:21:37,816 [INFO] Mario died on attempt 2 after 777 steps.
2025-04-25 21:21:37,817 [INFO] Creating environment: SuperMarioBros-1-1-v0
2025-04-25 21:21:43,665 [INFO] Mario died on attempt 3 after 582 steps.
2025-04-25 21:21:43,666 [INFO] Creating environment: SuperMarioBros-1-1-v0
2025-04-25 21:21:51,490 [INFO] Mario died on attempt 4 after 818 steps.
2025-04-25 21:21:51,491 [INFO] Creating environment: SuperMarioBros-1-1-v0
2025-04-25 21:21:57,239 [INFO] Mario died on attempt 5 after 586 steps.
2025-04-25 21:21:57,240 [WARNING] Max retries (5) reached. Level 1 not completed.
2025-04-25 21:21:57,248 [INFO] Partial video saved to ./videos/mario_1_1_ppo.mp4
2025-04-25 21:22:32,565 [INFO] Loading model from mario_1_1_ppo.zip
2025-04-25 21:22:34,926 [INFO] Creating environment: SuperMarioBros-1-1-v0
2025-04-25 21:22:35,512 [INFO] Video recording enabled.
2025-04-25 21:22:36,652 [INFO] Mario died on attempt 1 after 77 steps.
2025-04-25 21:22:36,654 [INFO] Creating environment: SuperMarioBros-1-1-v0
2025-04-25 21:22:42,125 [INFO] Mario died on attempt 2 after 385 steps.
2025-04-25 21:22:42,127 [INFO] Creating environment: SuperMarioBros-1-1-v0
2025-04-25 21:22:44,939 [INFO] Mario died on attempt 3 after 176 steps.
2025-04-25 21:22:44,940 [INFO] Creating environment: SuperMarioBros-1-1-v0
2025-04-25 21:22:49,675 [INFO] Mario died on attempt 4 after 344 steps.
2025-04-25 21:22:49,676 [INFO] Creating environment: SuperMarioBros-1-1-v0
2025-04-25 21:22:55,561 [INFO] Mario died on attempt 5 after 424 steps.
2025-04-25 21:22:55,563 [WARNING] Max retries (5) reached. Level 1 not completed.
2025-04-25 21:22:55,569 [INFO] Partial video saved to ./videos/mario_1_1_ppo.mp4
2025-04-25 21:25:43,310 [INFO] Loading model from mario_1_1_ppo.zip
2025-04-25 21:25:45,572 [INFO] Creating environment: SuperMarioBros-1-1-v0
2025-04-25 21:25:46,171 [INFO] Video recording enabled.
2025-04-25 21:25:48,344 [INFO] Mario died on attempt 1 after 105 steps.
2025-04-25 21:25:48,345 [INFO] Creating environment: SuperMarioBros-1-1-v0
2025-04-25 21:25:50,725 [INFO] Mario died on attempt 2 after 87 steps.
2025-04-25 21:25:50,727 [INFO] Creating environment: SuperMarioBros-1-1-v0
2025-04-25 21:25:55,313 [INFO] Mario died on attempt 3 after 204 steps.
2025-04-25 21:25:55,314 [INFO] Creating environment: SuperMarioBros-1-1-v0
2025-04-25 21:25:57,982 [INFO] Mario died on attempt 4 after 102 steps.
2025-04-25 21:25:57,985 [INFO] Creating environment: SuperMarioBros-1-1-v0
2025-04-25 21:26:01,712 [INFO] Mario died on attempt 5 after 157 steps.
2025-04-25 21:26:01,713 [INFO] Creating environment: SuperMarioBros-1-1-v0
2025-04-25 21:26:03,101 [INFO] Mario died on attempt 6 after 36 steps.
2025-04-25 21:26:03,102 [INFO] Creating environment: SuperMarioBros-1-1-v0
2025-04-25 21:26:08,055 [INFO] Mario died on attempt 7 after 224 steps.
2025-04-25 21:26:08,056 [INFO] Creating environment: SuperMarioBros-1-1-v0
2025-04-25 21:26:09,569 [INFO] Mario died on attempt 8 after 44 steps.
2025-04-25 21:26:09,570 [INFO] Creating environment: SuperMarioBros-1-1-v0
2025-04-25 21:26:12,125 [INFO] Mario died on attempt 9 after 96 steps.
2025-04-25 21:26:12,126 [INFO] Creating environment: SuperMarioBros-1-1-v0
2025-04-25 21:26:13,564 [INFO] Mario died on attempt 10 after 37 steps.
2025-04-25 21:26:13,565 [INFO] Creating environment: SuperMarioBros-1-1-v0
2025-04-25 21:26:17,441 [INFO] Mario died on attempt 11 after 169 steps.
2025-04-25 21:26:17,442 [INFO] Creating environment: SuperMarioBros-1-1-v0
2025-04-25 21:26:18,717 [INFO] Mario died on attempt 12 after 32 steps.
2025-04-25 21:26:18,719 [INFO] Creating environment: SuperMarioBros-1-1-v0
2025-04-25 21:26:20,018 [INFO] Mario died on attempt 13 after 31 steps.
2025-04-25 21:26:20,022 [INFO] Creating environment: SuperMarioBros-1-1-v0
2025-04-25 21:26:21,524 [INFO] Mario died on attempt 14 after 44 steps.
2025-04-25 21:26:21,525 [INFO] Creating environment: SuperMarioBros-1-1-v0
2025-04-25 21:26:26,743 [INFO] Mario died on attempt 15 after 236 steps.
2025-04-25 21:26:26,744 [INFO] Creating environment: SuperMarioBros-1-1-v0
2025-04-25 21:26:32,596 [INFO] Mario died on attempt 16 after 272 steps.
2025-04-25 21:26:32,597 [INFO] Creating environment: SuperMarioBros-1-1-v0
2025-04-25 21:26:35,612 [INFO] Mario died on attempt 17 after 119 steps.
2025-04-25 21:26:35,613 [INFO] Creating environment: SuperMarioBros-1-1-v0
2025-04-25 21:26:40,338 [INFO] Mario died on attempt 18 after 220 steps.
2025-04-25 21:26:40,339 [INFO] Creating environment: SuperMarioBros-1-1-v0
2025-04-25 21:26:41,706 [INFO] Mario died on attempt 19 after 37 steps.
2025-04-25 21:26:41,708 [INFO] Creating environment: SuperMarioBros-1-1-v0
2025-04-25 21:26:43,002 [INFO] Mario died on attempt 20 after 32 steps.
2025-04-25 21:26:43,004 [WARNING] Max retries (20) reached. Level 1 not completed.
2025-04-25 21:26:43,011 [INFO] Partial video saved to ./videos/mario_1_1_ppo.mp4
2025-04-25 21:26:52,911 [INFO] Loading model from mario_1_1_ppo.zip
2025-04-25 21:26:55,281 [INFO] Creating environment: SuperMarioBros-1-1-v0
2025-04-25 21:26:55,866 [INFO] Video recording enabled.
2025-04-25 21:26:59,538 [INFO] Mario died on attempt 1 after 179 steps.
2025-04-25 21:26:59,546 [INFO] Creating environment: SuperMarioBros-1-1-v0
2025-04-25 21:27:00,999 [INFO] Mario died on attempt 2 after 35 steps.
2025-04-25 21:27:01,002 [INFO] Creating environment: SuperMarioBros-1-1-v0
2025-04-25 21:27:03,193 [INFO] Mario died on attempt 3 after 82 steps.
2025-04-25 21:27:03,194 [INFO] Creating environment: SuperMarioBros-1-1-v0
2025-04-25 21:27:04,527 [INFO] Mario died on attempt 4 after 33 steps.
2025-04-25 21:27:04,528 [INFO] Creating environment: SuperMarioBros-1-1-v0
2025-04-25 21:27:06,172 [INFO] Mario died on attempt 5 after 48 steps.
2025-04-25 21:27:06,174 [INFO] Creating environment: SuperMarioBros-1-1-v0
2025-04-25 21:27:09,030 [INFO] Mario died on attempt 6 after 112 steps.
2025-04-25 21:27:09,031 [INFO] Creating environment: SuperMarioBros-1-1-v0
2025-04-25 21:27:11,995 [INFO] Mario died on attempt 7 after 115 steps.
2025-04-25 21:27:11,996 [INFO] Creating environment: SuperMarioBros-1-1-v0
2025-04-25 21:27:13,316 [INFO] Mario died on attempt 8 after 32 steps.
2025-04-25 21:27:13,317 [INFO] Creating environment: SuperMarioBros-1-1-v0
2025-04-25 21:27:14,691 [INFO] Mario died on attempt 9 after 32 steps.
2025-04-25 21:27:14,693 [INFO] Creating environment: SuperMarioBros-1-1-v0
2025-04-25 21:27:18,661 [INFO] Mario died on attempt 10 after 170 steps.
2025-04-25 21:27:18,671 [INFO] Creating environment: SuperMarioBros-1-1-v0
2025-04-25 21:27:22,593 [INFO] Mario died on attempt 11 after 170 steps.
2025-04-25 21:27:22,594 [INFO] Creating environment: SuperMarioBros-1-1-v0
2025-04-25 21:27:23,928 [INFO] Mario died on attempt 12 after 37 steps.
2025-04-25 21:27:23,929 [INFO] Creating environment: SuperMarioBros-1-1-v0
2025-04-25 21:27:27,390 [INFO] Mario died on attempt 13 after 145 steps.
2025-04-25 21:27:27,391 [INFO] Creating environment: SuperMarioBros-1-1-v0
2025-04-25 21:27:30,793 [INFO] Mario died on attempt 14 after 146 steps.
2025-04-25 21:27:30,794 [INFO] Creating environment: SuperMarioBros-1-1-v0
2025-04-25 21:27:32,122 [INFO] Mario died on attempt 15 after 34 steps.
2025-04-25 21:27:32,123 [INFO] Creating environment: SuperMarioBros-1-1-v0
2025-04-25 21:27:36,941 [INFO] Mario died on attempt 16 after 225 steps.
2025-04-25 21:27:36,942 [INFO] Creating environment: SuperMarioBros-1-1-v0
2025-04-25 21:27:38,476 [INFO] Mario died on attempt 17 after 45 steps.
2025-04-25 21:27:38,477 [INFO] Creating environment: SuperMarioBros-1-1-v0
2025-04-25 21:27:42,472 [INFO] Mario died on attempt 18 after 166 steps.
2025-04-25 21:27:42,473 [INFO] Creating environment: SuperMarioBros-1-1-v0
2025-04-25 21:27:43,801 [INFO] Mario died on attempt 19 after 31 steps.
2025-04-25 21:27:43,802 [INFO] Creating environment: SuperMarioBros-1-1-v0
2025-04-25 21:27:47,371 [INFO] Mario died on attempt 20 after 183 steps.
2025-04-25 21:27:47,373 [WARNING] Max retries (20) reached. Level 1 not completed.
2025-04-25 21:27:47,377 [INFO] Partial video saved to ./videos/mario_1_1_ppo.mp4
